// Jest Snapshot v1, https://goo.gl/fbAQLP

exports[`make order 1`] = `
<div
  style={
    Object {
      "marginTop": 20,
      "overflow": "hidden",
      "paddingTop": 40,
    }
  }
>
  <h2
    aria-label={null}
    className="ant-typography"
    style={
      Object {
        "WebkitLineClamp": null,
        "color": "#fff",
        "display": "block",
        "textAlign": "center",
      }
    }
  >
    Đặt món
  </h2>
  <div
    className="ant-row"
  >
    <div
      className="ant-col ant-col-22 ant-col-offset-1"
    >
      <div
        className="ant-row-flex ant-row-flex-center ant-row-flex-middle"
      >
        <div>
          Hệ thống đã khóa
        </div>
      </div>
    </div>
  </div>
</div>
`;
